,0
3300022228,1
3300022236,1
3300022210,1
3300022207,1
3300022233,1
3300022234,1
